// Vitest Snapshot v1, https://vitest.dev/guide/snapshot.html

exports[`Versioning integration > snapshot: canonicalized structure is stable 1`] = `
{
  "application": {
    "module": "helpdesk",
    "name": "Mini HelpDesk",
  },
  "entities": [
    {
      "attributes": [
        {
          "name": "id",
          "primary": true,
          "required": true,
          "type": "String",
          "unique": false,
        },
        {
          "name": "title",
          "primary": false,
          "required": true,
          "type": "String",
          "unique": false,
        },
      ],
      "name": "Ticket",
      "relationships": [],
      "rules": [],
      "stereotype": "entity",
      "use_cases": [],
    },
  ],
  "enums": {
    "TicketStatus": {
      "labels": {},
      "values": [
        "OPEN",
        "CLOSED",
      ],
    },
  },
  "version": "1.0.0",
}
`;

exports[`Versioning integration > snapshot: version info matches spec 1`] = `
{
  "canonicalVersion": {
    "major": 1,
    "minor": 0,
    "patch": 0,
  },
  "migrated": false,
  "originalVersion": {
    "major": 1,
    "minor": 0,
    "patch": 0,
  },
}
`;
