// Vitest Snapshot v1, https://vitest.dev/guide/snapshot.html

exports[`Spring Generation Model > sanitized model matches snapshot 1`] = `
{
  "entities": {
    "ActivityLog": {
      "attributeTypeNames": [
        "id",
        "ticketId",
        "actionType",
        "actorId",
        "actorName",
        "fieldName",
        "oldValue",
        "newValue",
        "description",
        "createdAt",
      ],
      "attributeTypes": {
        "actionType": {
          "isEnum": false,
          "javaType": "String",
        },
        "actorId": {
          "isEnum": false,
          "javaType": "String",
        },
        "actorName": {
          "isEnum": false,
          "javaType": "String",
        },
        "createdAt": {
          "isEnum": false,
          "javaType": "LocalDateTime",
        },
        "description": {
          "isEnum": false,
          "javaType": "String",
        },
        "fieldName": {
          "isEnum": false,
          "javaType": "String",
        },
        "id": {
          "isEnum": false,
          "javaType": "String",
        },
        "newValue": {
          "isEnum": false,
          "javaType": "String",
        },
        "oldValue": {
          "isEnum": false,
          "javaType": "String",
        },
        "ticketId": {
          "isEnum": false,
          "javaType": "String",
        },
      },
      "emitsEvents": false,
      "endpointCount": 1,
      "eventPublisherCount": 0,
      "hasCreatedAt": true,
      "hasUpdatedAt": false,
      "manyToOneRelationCount": 1,
      "oneToManyRelationCount": 0,
      "pkJavaType": "String",
      "repositoryMethodCount": 2,
      "ruleCheckCount": 0,
      "serviceMethodCount": 1,
      "serviceMethodNames": [
        "getById",
      ],
      "transitionKeys": [],
    },
    "Comment": {
      "attributeTypeNames": [
        "id",
        "ticketId",
        "text",
        "authorId",
        "createdAt",
      ],
      "attributeTypes": {
        "authorId": {
          "isEnum": false,
          "javaType": "String",
        },
        "createdAt": {
          "isEnum": false,
          "javaType": "LocalDateTime",
        },
        "id": {
          "isEnum": false,
          "javaType": "String",
        },
        "text": {
          "isEnum": false,
          "javaType": "String",
        },
        "ticketId": {
          "isEnum": false,
          "javaType": "String",
        },
      },
      "emitsEvents": false,
      "endpointCount": 0,
      "eventPublisherCount": 0,
      "hasCreatedAt": true,
      "hasUpdatedAt": false,
      "manyToOneRelationCount": 2,
      "oneToManyRelationCount": 0,
      "pkJavaType": "String",
      "repositoryMethodCount": 0,
      "ruleCheckCount": 0,
      "serviceMethodCount": 0,
      "serviceMethodNames": [],
      "transitionKeys": [],
    },
    "Ticket": {
      "attributeTypeNames": [
        "id",
        "title",
        "description",
        "status",
        "priority",
        "assigneeId",
        "createdAt",
        "updatedAt",
      ],
      "attributeTypes": {
        "assigneeId": {
          "isEnum": false,
          "javaType": "String",
        },
        "createdAt": {
          "isEnum": false,
          "javaType": "LocalDateTime",
        },
        "description": {
          "isEnum": false,
          "javaType": "String",
        },
        "id": {
          "isEnum": false,
          "javaType": "String",
        },
        "priority": {
          "isEnum": true,
          "javaType": "TicketPriority",
        },
        "status": {
          "isEnum": true,
          "javaType": "TicketStatus",
        },
        "title": {
          "isEnum": false,
          "javaType": "String",
        },
        "updatedAt": {
          "isEnum": false,
          "javaType": "LocalDateTime",
        },
      },
      "emitsEvents": false,
      "endpointCount": 9,
      "eventPublisherCount": 0,
      "hasCreatedAt": true,
      "hasUpdatedAt": true,
      "manyToOneRelationCount": 1,
      "oneToManyRelationCount": 2,
      "pkJavaType": "String",
      "repositoryMethodCount": 1,
      "ruleCheckCount": 3,
      "serviceMethodCount": 9,
      "serviceMethodNames": [
        "getAll",
        "getById",
        "create",
        "updateStatus",
        "updatePriority",
        "assignUser",
        "unassignUser",
        "addComment",
        "getHistory",
      ],
      "transitionKeys": [
        "OPEN",
        "IN_PROGRESS",
        "RESOLVED",
        "CLOSED",
      ],
    },
    "User": {
      "attributeTypeNames": [
        "id",
        "name",
        "avatar",
        "role",
      ],
      "attributeTypes": {
        "avatar": {
          "isEnum": false,
          "javaType": "String",
        },
        "id": {
          "isEnum": false,
          "javaType": "String",
        },
        "name": {
          "isEnum": false,
          "javaType": "String",
        },
        "role": {
          "isEnum": false,
          "javaType": "String",
        },
      },
      "emitsEvents": false,
      "endpointCount": 2,
      "eventPublisherCount": 0,
      "hasCreatedAt": false,
      "hasUpdatedAt": false,
      "manyToOneRelationCount": 0,
      "oneToManyRelationCount": 0,
      "pkJavaType": "String",
      "repositoryMethodCount": 0,
      "ruleCheckCount": 0,
      "serviceMethodCount": 2,
      "serviceMethodNames": [
        "loadUsers",
        "getById",
      ],
      "transitionKeys": [],
    },
  },
  "entityNames": [
    "Ticket",
    "User",
    "Comment",
    "ActivityLog",
  ],
  "enums": [
    {
      "name": "TicketStatus",
      "valueCount": 4,
    },
    {
      "name": "TicketPriority",
      "valueCount": 4,
    },
  ],
  "features": {
    "hasDecisions": false,
    "hasEvents": false,
    "hasRules": true,
    "hasStateMachine": true,
    "hasValidation": true,
    "hasWorkflows": false,
  },
}
`;
